// Vitest Snapshot v1, https://vitest.dev/guide/snapshot.html

exports[`[ components / Textarea ] > when Label is rendered > should render 1`] = `
<DocumentFragment>
  <textarea
    class="w-full mt-4 p-4 bg-gray-100 dark:bg-gray-700 text-gray-900 dark:text-gray-100 rounded resize-none"
    placeholder="placeholder"
    readonly=""
    rows="10"
  >
    value
  </textarea>
</DocumentFragment>
`;

exports[`[ components / Textarea ] > when Textarea is rendered > should render 1`] = `
<DocumentFragment>
  <textarea
    class="w-full mt-4 p-4 bg-gray-100 dark:bg-gray-700 text-gray-900 dark:text-gray-100 rounded resize-none"
    placeholder="placeholder"
    readonly=""
    rows="10"
  >
    value
  </textarea>
</DocumentFragment>
`;
